 
Ansys Electronics Desktop Version 2025.2.4, Build: 2025-11-06 17:01:32
Location: C:\Program Files\ANSYS Inc\v252\AnsysEM\ansysedt.exe
Non Graphical Mode: No Project??
Starting Batch Run: 4:11:52 PM  Aug 03, 2026
Running as user : LGE\ansun.hyun
Temp directory: C:\Users\HP\AppData\Local\Temp
Project directory: C:\Users\HP\Documents\Ansoft
[info] gRPC server started on port 52921 of local host. Only connections from the local host initiated by the same user are permitted.

Stopping Batch Run: 4:12:21 PM  Aug 03, 2026
 
Ansys Electronics Desktop Version 2025.2.4, Build: 2025-11-06 17:01:32
Location: C:\Program Files\ANSYS Inc\v252\AnsysEM\ansysedt.exe
Non Graphical Mode: No Project??
Starting Batch Run: 4:31:37 PM  Aug 03, 2026
Running as user : LGE\ansun.hyun
Temp directory: C:\Users\HP\AppData\Local\Temp
Project directory: C:\Users\HP\Documents\Ansoft
[info] gRPC server started on port 61669 of local host. Only connections from the local host initiated by the same user are permitted.

Stopping Batch Run: 4:32:06 PM  Aug 03, 2026
 
Ansys Electronics Desktop Version 2025.2.4, Build: 2025-11-06 17:01:32
Location: C:\Program Files\ANSYS Inc\v252\AnsysEM\ansysedt.exe
Non Graphical Mode: No Project??
Starting Batch Run: 4:32:12 PM  Aug 03, 2026
Running as user : LGE\ansun.hyun
Temp directory: C:\Users\HP\AppData\Local\Temp
Project directory: C:\Users\HP\Documents\Ansoft
[info] gRPC server started on port 59161 of local host. Only connections from the local host initiated by the same user are permitted.

Stopping Batch Run: 4:32:41 PM  Aug 03, 2026
 
Ansys Electronics Desktop Version 2025.2.4, Build: 2025-11-06 17:01:32
Location: C:\Program Files\ANSYS Inc\v252\AnsysEM\ansysedt.exe
Non Graphical Mode: No Project??
Starting Batch Run: 4:32:47 PM  Aug 03, 2026
Running as user : LGE\ansun.hyun
Temp directory: C:\Users\HP\AppData\Local\Temp
Project directory: C:\Users\HP\Documents\Ansoft
-- Message Window --
      *Global - Messages
        [info] gRPC server started on port 59206 of local host. Only connections from the local host initiated by the same user are permitted. 
        [info] Project Project4 has been created.
        [info] No design is present. Inserting a new design.
        [info] OpenGL Version: 4.6.0 NVIDIA 573.24
        [info] Added design 'HFSS 3D Layout Design_E09' of type HFSS 3D Layout Design.
        [info] Aedt Objects correctly read
        [info] Loading Modeler.
        [info] Modeler loaded.
        [info] EDB loaded.
        [info] Layers loaded.
        [info] Primitives loaded.
        [info] Modeler class has been initialized! Elapsed time: 0m 0sec
        [info] Active Design set to 0;EAX02034601_stackup_bootstrap
        [info] Project EAX02034601_ref_IMG_PREVIEW set to active.
        [info] Active Design set to 0;EAX02034601_stackup_bootstrap
        [info] Aedt Objects correctly read
        [error] **************************************************************
        [error]   File "C:\Users\HP\Documents\PI-PDN_auto_sim_V1\SIwave_PDN_V1_setting_VRM\main.py", line 2556, in <module>
        [error]     aedt_image.export_edb_preview_images(
        [error]   File "C:\Users\HP\Documents\PI-PDN_auto_sim_V1\SIwave_PDN_V1_setting_VRM\EBU_lib\AEDT.py", line 205, in export_edb_preview_images
        [error]     export_ok = h3dl.export_design_preview_to_jpg(str(top_jpg))
        [error] 'projectpreview' on export_design_preview_to_jpg
        [error] Last Electronics Desktop Message - [error] 'projectpreview' on export_design_preview_to_jpg  
        [error] Method arguments: 
        [error]     output_file = C:\Users\HP\Documents\PI-PDN_auto_sim_V1\outputs\top.jpg 
        [error] **************************************************************
-- Message Window --
Stopping Batch Run: 4:33:27 PM  Aug 03, 2026
 
Ansys Electronics Desktop Version 2025.2.4, Build: 2025-11-06 17:01:32
Location: C:\Program Files\ANSYS Inc\v252\AnsysEM\ansysedt.exe
Non Graphical Mode: No Project??
Starting Batch Run: 8:35:57 AM  Aug 04, 2026
Running as user : LGE\ansun.hyun
Temp directory: C:\Users\HP\AppData\Local\Temp
Project directory: C:\Users\HP\Documents\Ansoft
[info] gRPC server started on port 54185 of local host. Only connections from the local host initiated by the same user are permitted.

Stopping Batch Run: 8:36:26 AM  Aug 04, 2026
 
Ansys Electronics Desktop Version 2025.2.4, Build: 2025-11-06 17:01:32
Location: C:\Program Files\ANSYS Inc\v252\AnsysEM\ansysedt.exe
Non Graphical Mode: No Project??
Starting Batch Run: 8:36:32 AM  Aug 04, 2026
Running as user : LGE\ansun.hyun
Temp directory: C:\Users\HP\AppData\Local\Temp
Project directory: C:\Users\HP\Documents\Ansoft
[info] gRPC server started on port 54230 of local host. Only connections from the local host initiated by the same user are permitted.

Stopping Batch Run: 8:37:01 AM  Aug 04, 2026
 
Ansys Electronics Desktop Version 2025.2.4, Build: 2025-11-06 17:01:32
Location: C:\Program Files\ANSYS Inc\v252\AnsysEM\ansysedt.exe
Non Graphical Mode: No Project??
Starting Batch Run: 8:37:07 AM  Aug 04, 2026
Running as user : LGE\ansun.hyun
Temp directory: C:\Users\HP\AppData\Local\Temp
Project directory: C:\Users\HP\Documents\Ansoft
-- Message Window --
      *Global - Messages
        [info] gRPC server started on port 54275 of local host. Only connections from the local host initiated by the same user are permitted. 
        [info] Project Project4 has been created.
        [info] No design is present. Inserting a new design.
        [info] OpenGL Version: 4.6.0 NVIDIA 573.24
        [info] Added design 'HFSS 3D Layout Design_EWK' of type HFSS 3D Layout Design.
        [info] Aedt Objects correctly read
        [info] Loading Modeler.
        [info] Modeler loaded.
        [info] EDB loaded.
        [info] Layers loaded.
        [info] Primitives loaded.
        [info] Modeler class has been initialized! Elapsed time: 0m 0sec
        [info] Active Design set to 0;EAX02034601_stackup_bootstrap
        [info] Project EAX02034601_ref_IMG_PREVIEW set to active.
        [info] Active Design set to 0;EAX02034601_stackup_bootstrap
        [info] Aedt Objects correctly read
        [error] **************************************************************
        [error]   File "C:\Users\HP\Documents\PI-PDN_auto_sim_V1\SIwave_PDN_V1_setting_VRM\main.py", line 2556, in <module>
        [error]     aedt_image.export_edb_preview_images(
        [error]   File "C:\Users\HP\Documents\PI-PDN_auto_sim_V1\SIwave_PDN_V1_setting_VRM\EBU_lib\AEDT.py", line 256, in export_edb_preview_images
        [error]     export_ok = h3dl.export_design_preview_to_jpg(str(top_jpg))
        [error] 'projectpreview' on export_design_preview_to_jpg
        [error] Last Electronics Desktop Message - [error] 'projectpreview' on export_design_preview_to_jpg  
        [error] Method arguments: 
        [error]     output_file = C:\Users\HP\Documents\PI-PDN_auto_sim_V1\outputs\top.jpg 
        [error] **************************************************************
-- Message Window --
Stopping Batch Run: 8:37:52 AM  Aug 04, 2026
 
Ansys Electronics Desktop Version 2025.2.4, Build: 2025-11-06 17:01:32
Location: C:\Program Files\ANSYS Inc\v252\AnsysEM\ansysedt.exe
Non Graphical Mode: No Project??
Starting Batch Run: 8:59:47 AM  Aug 04, 2026
Running as user : LGE\ansun.hyun
Temp directory: C:\Users\HP\AppData\Local\Temp
Project directory: C:\Users\HP\Documents\Ansoft
[info] gRPC server started on port 50591 of local host. Only connections from the local host initiated by the same user are permitted.

Stopping Batch Run: 9:00:16 AM  Aug 04, 2026
 
Ansys Electronics Desktop Version 2025.2.4, Build: 2025-11-06 17:01:32
Location: C:\Program Files\ANSYS Inc\v252\AnsysEM\ansysedt.exe
Non Graphical Mode: No Project??
Starting Batch Run: 9:00:23 AM  Aug 04, 2026
Running as user : LGE\ansun.hyun
Temp directory: C:\Users\HP\AppData\Local\Temp
Project directory: C:\Users\HP\Documents\Ansoft
[info] gRPC server started on port 50636 of local host. Only connections from the local host initiated by the same user are permitted.

Stopping Batch Run: 9:00:52 AM  Aug 04, 2026
 
Ansys Electronics Desktop Version 2025.2.4, Build: 2025-11-06 17:01:32
Location: C:\Program Files\ANSYS Inc\v252\AnsysEM\ansysedt.exe
Non Graphical Mode: No Project??
Starting Batch Run: 9:00:59 AM  Aug 04, 2026
Running as user : LGE\ansun.hyun
Temp directory: C:\Users\HP\AppData\Local\Temp
Project directory: C:\Users\HP\Documents\Ansoft
-- Message Window --
      *Global - Messages
        [info] gRPC server started on port 50438 of local host. Only connections from the local host initiated by the same user are permitted. 
        [info] Project Project4 has been created.
        [info] No design is present. Inserting a new design.
        [info] OpenGL Version: 4.6.0 NVIDIA 573.24
        [info] Added design 'HFSS 3D Layout Design_0VD' of type HFSS 3D Layout Design.
        [info] Aedt Objects correctly read
        [info] Loading Modeler.
        [info] Modeler loaded.
        [info] EDB loaded.
        [info] Layers loaded.
        [info] Primitives loaded.
        [info] Modeler class has been initialized! Elapsed time: 0m 0sec
        [info] Active Design set to 0;EAX02034601_stackup_bootstrap
        [info] Project EAX02034601_ref_IMG_PREVIEW set to active.
        [info] Active Design set to 0;EAX02034601_stackup_bootstrap
        [info] Aedt Objects correctly read
        [error] **************************************************************
        [error]   File "C:\Users\HP\Documents\PI-PDN_auto_sim_V1\SIwave_PDN_V1_setting_VRM\main.py", line 2622, in <module>
        [error]     aedt_image.export_edb_preview_images(
        [error]   File "C:\Users\HP\Documents\PI-PDN_auto_sim_V1\SIwave_PDN_V1_setting_VRM\EBU_lib\AEDT.py", line 256, in export_edb_preview_images
        [error]     export_ok = h3dl.export_design_preview_to_jpg(str(top_jpg))
        [error] 'projectpreview' on export_design_preview_to_jpg
        [error] Last Electronics Desktop Message - [error] 'projectpreview' on export_design_preview_to_jpg  
        [error] Method arguments: 
        [error]     output_file = C:\Users\HP\Documents\PI-PDN_auto_sim_V1\outputs\top.jpg 
        [error] **************************************************************
-- Message Window --
Stopping Batch Run: 9:01:42 AM  Aug 04, 2026
 
Ansys Electronics Desktop Version 2025.2.4, Build: 2025-11-06 17:01:32
Location: C:\Program Files\ANSYS Inc\v252\AnsysEM\ansysedt.exe
Non Graphical Mode: No Project??
Starting Batch Run: 4:00:11 PM  Aug 04, 2026
Running as user : LGE\ansun.hyun
Temp directory: C:\Users\HP\AppData\Local\Temp
Project directory: C:\Users\HP\Documents\Ansoft
[info] gRPC server started on port 62552 of local host. Only connections from the local host initiated by the same user are permitted.

Stopping Batch Run: 4:00:40 PM  Aug 04, 2026
 
Ansys Electronics Desktop Version 2025.2.4, Build: 2025-11-06 17:01:32
Location: C:\Program Files\ANSYS Inc\v252\AnsysEM\ansysedt.exe
Non Graphical Mode: No Project??
Starting Batch Run: 4:00:45 PM  Aug 04, 2026
Running as user : LGE\ansun.hyun
Temp directory: C:\Users\HP\AppData\Local\Temp
Project directory: C:\Users\HP\Documents\Ansoft
[info] gRPC server started on port 50513 of local host. Only connections from the local host initiated by the same user are permitted.

Stopping Batch Run: 4:01:13 PM  Aug 04, 2026
 
Ansys Electronics Desktop Version 2025.2.4, Build: 2025-11-06 17:01:32
Location: C:\Program Files\ANSYS Inc\v252\AnsysEM\ansysedt.exe
Non Graphical Mode: No Project??
Starting Batch Run: 4:01:20 PM  Aug 04, 2026
Running as user : LGE\ansun.hyun
Temp directory: C:\Users\HP\AppData\Local\Temp
Project directory: C:\Users\HP\Documents\Ansoft
[info] gRPC server started on port 50557 of local host. Only connections from the local host initiated by the same user are permitted.

[warning] Project:EAX02034601_full_presolve, C:/Users/HP/Documents/PI-PDN_auto_sim_V1/outputs/EAX02034601_full_presolve.aedb/ already exists. It is backed up to C:/Users/HP/Documents/PI-PDN_auto_sim_V1/outputs/EAX02034601_full_presolve.aedb.bak/. (04:04:05 PM  Aug 04, 2026)
Stopping Batch Run: 4:04:16 PM  Aug 04, 2026
 
Ansys Electronics Desktop Version 2025.2.4, Build: 2025-11-06 17:01:32
Location: C:\Program Files\ANSYS Inc\v252\AnsysEM\ansysedt.exe
Non Graphical Mode: No Project??
Starting Batch Run: 4:04:20 PM  Aug 04, 2026
Running as user : LGE\ansun.hyun
Temp directory: C:\Users\HP\AppData\Local\Temp
Project directory: C:\Users\HP\Documents\Ansoft
[info] gRPC server started on port 64270 of local host. Only connections from the local host initiated by the same user are permitted.

Stopping Batch Run: 4:04:49 PM  Aug 04, 2026
 
Ansys Electronics Desktop Version 2025.2.4, Build: 2025-11-06 17:01:32
Location: C:\Program Files\ANSYS Inc\v252\AnsysEM\ansysedt.exe
Non Graphical Mode: No Project??
Starting Batch Run: 4:04:56 PM  Aug 04, 2026
Running as user : LGE\ansun.hyun
Temp directory: C:\Users\HP\AppData\Local\Temp
Project directory: C:\Users\HP\Documents\Ansoft
[info] gRPC server started on port 62567 of local host. Only connections from the local host initiated by the same user are permitted.

Stopping Batch Run: 4:05:24 PM  Aug 04, 2026
 
Ansys Electronics Desktop Version 2025.2.4, Build: 2025-11-06 17:01:32
Location: C:\Program Files\ANSYS Inc\v252\AnsysEM\ansysedt.exe
Non Graphical Mode: No Project??
Starting Batch Run: 4:05:31 PM  Aug 04, 2026
Running as user : LGE\ansun.hyun
Temp directory: C:\Users\HP\AppData\Local\Temp
Project directory: C:\Users\HP\Documents\Ansoft
-- Message Window --
      *Global - Messages
        [info] gRPC server started on port 62611 of local host. Only connections from the local host initiated by the same user are permitted. 
        [info] Project Project4 has been created.
        [info] No design is present. Inserting a new design.
        [info] OpenGL Version: 4.6.0 NVIDIA 573.24
        [info] Added design 'HFSS 3D Layout Design_IUS' of type HFSS 3D Layout Design.
        [info] Aedt Objects correctly read
        [info] Loading Modeler.
        [info] Modeler loaded.
        [info] EDB loaded.
        [info] Layers loaded.
        [info] Primitives loaded.
        [info] Modeler class has been initialized! Elapsed time: 0m 0sec
        [info] Active Design set to 0;EAX02034601_stackup_bootstrap
        [info] Project EAX02034601_ref_IMG_PREVIEW set to active.
        [info] Active Design set to 0;EAX02034601_stackup_bootstrap
        [info] Aedt Objects correctly read
        [error] **************************************************************
        [error]   File "C:\Users\HP\Documents\PI-PDN_auto_sim_V1\SIwave_PDN_V1_setting_VRM\main.py", line 2649, in <module>
        [error]     aedt_image.export_edb_preview_images(
        [error]   File "C:\Users\HP\Documents\PI-PDN_auto_sim_V1\SIwave_PDN_V1_setting_VRM\EBU_lib\AEDT.py", line 298, in export_edb_preview_images
        [error]     export_ok = h3dl.export_design_preview_to_jpg(str(top_jpg))
        [error] 'projectpreview' on export_design_preview_to_jpg
        [error] Last Electronics Desktop Message - [error] 'projectpreview' on export_design_preview_to_jpg  
        [error] Method arguments: 
        [error]     output_file = C:\Users\HP\Documents\PI-PDN_auto_sim_V1\outputs\top.jpg 
        [error] **************************************************************
-- Message Window --
Stopping Batch Run: 4:06:13 PM  Aug 04, 2026
 
Ansys Electronics Desktop Version 2025.2.4, Build: 2025-11-06 17:01:32
Location: C:\Program Files\ANSYS Inc\v252\AnsysEM\ansysedt.exe
Non Graphical Mode: No Project??
Starting Batch Run: 8:33:26 AM  Aug 05, 2026
Running as user : LGE\ansun.hyun
Temp directory: C:\Users\HP\AppData\Local\Temp
Project directory: C:\Users\HP\Documents\Ansoft
[info] gRPC server started on port 61194 of local host. Only connections from the local host initiated by the same user are permitted.

Stopping Batch Run: 8:33:54 AM  Aug 05, 2026
 
Ansys Electronics Desktop Version 2025.2.4, Build: 2025-11-06 17:01:32
Location: C:\Program Files\ANSYS Inc\v252\AnsysEM\ansysedt.exe
Non Graphical Mode: No Project??
Starting Batch Run: 8:33:59 AM  Aug 05, 2026
Running as user : LGE\ansun.hyun
Temp directory: C:\Users\HP\AppData\Local\Temp
Project directory: C:\Users\HP\Documents\Ansoft
[info] gRPC server started on port 58873 of local host. Only connections from the local host initiated by the same user are permitted.

Stopping Batch Run: 8:34:27 AM  Aug 05, 2026
 
Ansys Electronics Desktop Version 2025.2.4, Build: 2025-11-06 17:01:32
Location: C:\Program Files\ANSYS Inc\v252\AnsysEM\ansysedt.exe
Non Graphical Mode: No Project??
Starting Batch Run: 8:34:34 AM  Aug 05, 2026
Running as user : LGE\ansun.hyun
Temp directory: C:\Users\HP\AppData\Local\Temp
Project directory: C:\Users\HP\Documents\Ansoft
[info] gRPC server started on port 58918 of local host. Only connections from the local host initiated by the same user are permitted.

Stopping Batch Run: 8:35:03 AM  Aug 05, 2026
 
Ansys Electronics Desktop Version 2025.2.4, Build: 2025-11-06 17:01:32
Location: C:\Program Files\ANSYS Inc\v252\AnsysEM\ansysedt.exe
Non Graphical Mode: No Project??
Starting Batch Run: 8:35:09 AM  Aug 05, 2026
Running as user : LGE\ansun.hyun
Temp directory: C:\Users\HP\AppData\Local\Temp
Project directory: C:\Users\HP\Documents\Ansoft
-- Message Window --
      *Global - Messages
        [info] gRPC server started on port 59679 of local host. Only connections from the local host initiated by the same user are permitted. 
        [info] Project Project4 has been created.
        [info] No design is present. Inserting a new design.
        [info] OpenGL Version: 4.6.0 NVIDIA 573.24
        [info] Added design 'HFSS 3D Layout Design_XPH' of type HFSS 3D Layout Design.
        [info] Aedt Objects correctly read
        [info] Loading Modeler.
        [info] Modeler loaded.
        [info] EDB loaded.
        [info] Layers loaded.
        [info] Primitives loaded.
        [info] Modeler class has been initialized! Elapsed time: 0m 0sec
        [info] Active Design set to 0;EAX02034601_stackup_bootstrap
        [info] Project EAX02034601_ref_IMG_PREVIEW set to active.
        [info] Active Design set to 0;EAX02034601_stackup_bootstrap
        [info] Aedt Objects correctly read
        [error] **************************************************************
        [error]   File "C:\Users\HP\Documents\PI-PDN_auto_sim_V1\SIwave_PDN_V1_setting_VRM\main.py", line 2727, in <module>
        [error]     aedt_image.export_edb_preview_images(
        [error]   File "C:\Users\HP\Documents\PI-PDN_auto_sim_V1\SIwave_PDN_V1_setting_VRM\EBU_lib\AEDT.py", line 457, in export_edb_preview_images
        [error]     export_ok = h3dl.export_design_preview_to_jpg(str(top_jpg))
        [error] 'projectpreview' on export_design_preview_to_jpg
        [error] Last Electronics Desktop Message - [error] 'projectpreview' on export_design_preview_to_jpg  
        [error] Method arguments: 
        [error]     output_file = C:\Users\HP\Documents\PI-PDN_auto_sim_V1\outputs\top.jpg 
        [error] **************************************************************
-- Message Window --
Stopping Batch Run: 8:35:55 AM  Aug 05, 2026
 
Ansys Electronics Desktop Version 2025.2.4, Build: 2025-11-06 17:01:32
Location: C:\Program Files\ANSYS Inc\v252\AnsysEM\ansysedt.exe
Non Graphical Mode: No Project??
Starting Batch Run: 1:16:22 PM  Aug 05, 2026
Running as user : LGE\ansun.hyun
Temp directory: C:\Users\HP\AppData\Local\Temp
Project directory: C:\Users\HP\Documents\Ansoft
[info] gRPC server started on port 53139 of local host. Only connections from the local host initiated by the same user are permitted.

[warning] Project:EAX02034601_full_presolve, C:/Users/HP/Documents/PI-PDN_auto_sim_V1/outputs/EAX02034601_full_presolve.aedb/ already exists. It is backed up to C:/Users/HP/Documents/PI-PDN_auto_sim_V1/outputs/EAX02034601_full_presolve.aedb.bak/. (01:16:41 PM  Aug 05, 2026)
Stopping Batch Run: 1:16:51 PM  Aug 05, 2026
 
Ansys Electronics Desktop Version 2025.2.4, Build: 2025-11-06 17:01:32
Location: C:\Program Files\ANSYS Inc\v252\AnsysEM\ansysedt.exe
Non Graphical Mode: No Project??
Starting Batch Run: 1:16:56 PM  Aug 05, 2026
Running as user : LGE\ansun.hyun
Temp directory: C:\Users\HP\AppData\Local\Temp
Project directory: C:\Users\HP\Documents\Ansoft
[info] gRPC server started on port 51533 of local host. Only connections from the local host initiated by the same user are permitted.

Stopping Batch Run: 1:17:26 PM  Aug 05, 2026
 
Ansys Electronics Desktop Version 2025.2.4, Build: 2025-11-06 17:01:32
Location: C:\Program Files\ANSYS Inc\v252\AnsysEM\ansysedt.exe
Non Graphical Mode: No Project??
Starting Batch Run: 1:17:32 PM  Aug 05, 2026
Running as user : LGE\ansun.hyun
Temp directory: C:\Users\HP\AppData\Local\Temp
Project directory: C:\Users\HP\Documents\Ansoft
[info] gRPC server started on port 51580 of local host. Only connections from the local host initiated by the same user are permitted.

Stopping Batch Run: 1:18:01 PM  Aug 05, 2026
 
Ansys Electronics Desktop Version 2025.2.4, Build: 2025-11-06 17:01:32
Location: C:\Program Files\ANSYS Inc\v252\AnsysEM\ansysedt.exe
Non Graphical Mode: No Project??
Starting Batch Run: 1:18:08 PM  Aug 05, 2026
Running as user : LGE\ansun.hyun
Temp directory: C:\Users\HP\AppData\Local\Temp
Project directory: C:\Users\HP\Documents\Ansoft
-- Message Window --
      *Global - Messages
        [info] gRPC server started on port 52844 of local host. Only connections from the local host initiated by the same user are permitted. 
        [info] Project Project4 has been created.
        [info] No design is present. Inserting a new design.
        [info] OpenGL Version: 4.6.0 NVIDIA 573.24
        [info] Added design 'HFSS 3D Layout Design_UT8' of type HFSS 3D Layout Design.
        [info] Aedt Objects correctly read
        [info] Loading Modeler.
        [info] Modeler loaded.
        [info] EDB loaded.
        [info] Layers loaded.
        [info] Primitives loaded.
        [info] Modeler class has been initialized! Elapsed time: 0m 0sec
        [info] Active Design set to 0;EAX02034601_stackup_bootstrap
        [info] Project EAX02034601_ref_IMG_PREVIEW set to active.
        [info] Active Design set to 0;EAX02034601_stackup_bootstrap
        [info] Aedt Objects correctly read
        [error] **************************************************************
        [error]   File "C:\Users\HP\Documents\PI-PDN_auto_sim_V1\SIwave_PDN_V1_setting_VRM\main.py", line 2808, in <module>
        [error]     aedt_image.export_edb_preview_images(
        [error]   File "C:\Users\HP\Documents\PI-PDN_auto_sim_V1\SIwave_PDN_V1_setting_VRM\EBU_lib\AEDT.py", line 623, in export_edb_preview_images
        [error]     export_ok = h3dl.export_design_preview_to_jpg(str(top_jpg))
        [error] 'projectpreview' on export_design_preview_to_jpg
        [error] Last Electronics Desktop Message - [error] 'projectpreview' on export_design_preview_to_jpg  
        [error] Method arguments: 
        [error]     output_file = C:\Users\HP\Documents\PI-PDN_auto_sim_V1\outputs\top.jpg 
        [error] **************************************************************
-- Message Window --
Stopping Batch Run: 1:18:52 PM  Aug 05, 2026
 
Ansys Electronics Desktop Version 2025.2.4, Build: 2025-11-06 17:01:32
Location: C:\Program Files\ANSYS Inc\v252\AnsysEM\ansysedt.exe
Non Graphical Mode: No Project??
Starting Batch Run: 3:19:31 PM  Aug 05, 2026
Running as user : LGE\ansun.hyun
Temp directory: C:\Users\HP\AppData\Local\Temp
Project directory: C:\Users\HP\Documents\Ansoft
[info] gRPC server started on port 55479 of local host. Only connections from the local host initiated by the same user are permitted.

[warning] Project:EAX02034601_full_presolve, C:/Users/HP/Documents/PI-PDN_auto_sim_V1/outputs/EAX02034601_full_presolve.aedb/ already exists. It is backed up to C:/Users/HP/Documents/PI-PDN_auto_sim_V1/outputs/EAX02034601_full_presolve.aedb.bak_1. (03:19:50 PM  Aug 05, 2026)
Stopping Batch Run: 3:20:01 PM  Aug 05, 2026
 
Ansys Electronics Desktop Version 2025.2.4, Build: 2025-11-06 17:01:32
Location: C:\Program Files\ANSYS Inc\v252\AnsysEM\ansysedt.exe
Non Graphical Mode: No Project??
Starting Batch Run: 3:20:05 PM  Aug 05, 2026
Running as user : LGE\ansun.hyun
Temp directory: C:\Users\HP\AppData\Local\Temp
Project directory: C:\Users\HP\Documents\Ansoft
[info] gRPC server started on port 60605 of local host. Only connections from the local host initiated by the same user are permitted.

Stopping Batch Run: 3:20:34 PM  Aug 05, 2026
 
Ansys Electronics Desktop Version 2025.2.4, Build: 2025-11-06 17:01:32
Location: C:\Program Files\ANSYS Inc\v252\AnsysEM\ansysedt.exe
Non Graphical Mode: No Project??
Starting Batch Run: 3:20:40 PM  Aug 05, 2026
Running as user : LGE\ansun.hyun
Temp directory: C:\Users\HP\AppData\Local\Temp
Project directory: C:\Users\HP\Documents\Ansoft
[info] gRPC server started on port 51970 of local host. Only connections from the local host initiated by the same user are permitted.

Stopping Batch Run: 3:21:09 PM  Aug 05, 2026
 
Ansys Electronics Desktop Version 2025.2.4, Build: 2025-11-06 17:01:32
Location: C:\Program Files\ANSYS Inc\v252\AnsysEM\ansysedt.exe
Non Graphical Mode: No Project??
Starting Batch Run: 3:21:16 PM  Aug 05, 2026
Running as user : LGE\ansun.hyun
Temp directory: C:\Users\HP\AppData\Local\Temp
Project directory: C:\Users\HP\Documents\Ansoft
-- Message Window --
      *Global - Messages
        [info] gRPC server started on port 52015 of local host. Only connections from the local host initiated by the same user are permitted. 
        [info] Project Project4 has been created.
        [info] No design is present. Inserting a new design.
        [info] OpenGL Version: 4.6.0 NVIDIA 573.24
        [info] Added design 'HFSS 3D Layout Design_2TN' of type HFSS 3D Layout Design.
        [info] Aedt Objects correctly read
        [info] Loading Modeler.
        [info] Modeler loaded.
        [info] EDB loaded.
        [info] Layers loaded.
        [info] Primitives loaded.
        [info] Modeler class has been initialized! Elapsed time: 0m 0sec
        [info] Active Design set to 0;EAX02034601_stackup_bootstrap
        [info] Project EAX02034601_ref_IMG_PREVIEW set to active.
        [info] Active Design set to 0;EAX02034601_stackup_bootstrap
        [info] Aedt Objects correctly read
        [error] **************************************************************
        [error]   File "C:\Users\HP\Documents\PI-PDN_auto_sim_V1\SIwave_PDN_V1_setting_VRM\main.py", line 2813, in <module>
        [error]     aedt_image.export_edb_preview_images(
        [error]   File "C:\Users\HP\Documents\PI-PDN_auto_sim_V1\SIwave_PDN_V1_setting_VRM\EBU_lib\AEDT.py", line 623, in export_edb_preview_images
        [error]     export_ok = h3dl.export_design_preview_to_jpg(str(top_jpg))
        [error] 'projectpreview' on export_design_preview_to_jpg
        [error] Last Electronics Desktop Message - [error] 'projectpreview' on export_design_preview_to_jpg  
        [error] Method arguments: 
        [error]     output_file = C:\Users\HP\Documents\PI-PDN_auto_sim_V1\outputs\top.jpg 
        [error] **************************************************************
-- Message Window --
Stopping Batch Run: 3:22:02 PM  Aug 05, 2026
 
Ansys Electronics Desktop Version 2025.2.4, Build: 2025-11-06 17:01:32
Location: C:\Program Files\ANSYS Inc\v252\AnsysEM\ansysedt.exe
Non Graphical Mode: No Project??
Starting Batch Run: 3:33:19 PM  Aug 05, 2026
Running as user : LGE\ansun.hyun
Temp directory: C:\Users\HP\AppData\Local\Temp
Project directory: C:\Users\HP\Documents\Ansoft
[info] gRPC server started on port 53471 of local host. Only connections from the local host initiated by the same user are permitted.

[warning] Project:EAX02034601_full_presolve, C:/Users/HP/Documents/PI-PDN_auto_sim_V1/outputs/EAX02034601_full_presolve.aedb/ already exists. It is backed up to C:/Users/HP/Documents/PI-PDN_auto_sim_V1/outputs/EAX02034601_full_presolve.aedb.bak_1. (03:33:38 PM  Aug 05, 2026)
Stopping Batch Run: 3:33:49 PM  Aug 05, 2026
 
Ansys Electronics Desktop Version 2025.2.4, Build: 2025-11-06 17:01:32
Location: C:\Program Files\ANSYS Inc\v252\AnsysEM\ansysedt.exe
Non Graphical Mode: No Project??
Starting Batch Run: 3:33:54 PM  Aug 05, 2026
Running as user : LGE\ansun.hyun
Temp directory: C:\Users\HP\AppData\Local\Temp
Project directory: C:\Users\HP\Documents\Ansoft
[info] gRPC server started on port 62856 of local host. Only connections from the local host initiated by the same user are permitted.

Stopping Batch Run: 3:34:24 PM  Aug 05, 2026
 
Ansys Electronics Desktop Version 2025.2.4, Build: 2025-11-06 17:01:32
Location: C:\Program Files\ANSYS Inc\v252\AnsysEM\ansysedt.exe
Non Graphical Mode: No Project??
Starting Batch Run: 3:34:30 PM  Aug 05, 2026
Running as user : LGE\ansun.hyun
Temp directory: C:\Users\HP\AppData\Local\Temp
Project directory: C:\Users\HP\Documents\Ansoft
[info] gRPC server started on port 62905 of local host. Only connections from the local host initiated by the same user are permitted.

Stopping Batch Run: 3:35:00 PM  Aug 05, 2026
 
Ansys Electronics Desktop Version 2025.2.4, Build: 2025-11-06 17:01:32
Location: C:\Program Files\ANSYS Inc\v252\AnsysEM\ansysedt.exe
Non Graphical Mode: No Project??
Starting Batch Run: 3:35:06 PM  Aug 05, 2026
Running as user : LGE\ansun.hyun
Temp directory: C:\Users\HP\AppData\Local\Temp
Project directory: C:\Users\HP\Documents\Ansoft
-- Message Window --
      *Global - Messages
        [info] gRPC server started on port 59351 of local host. Only connections from the local host initiated by the same user are permitted. 
        [info] Project Project4 has been created.
        [info] No design is present. Inserting a new design.
        [info] OpenGL Version: 4.6.0 NVIDIA 573.24
        [info] Added design 'HFSS 3D Layout Design_5VG' of type HFSS 3D Layout Design.
        [info] Aedt Objects correctly read
        [info] Loading Modeler.
        [info] Modeler loaded.
        [info] EDB loaded.
        [info] Layers loaded.
        [info] Primitives loaded.
        [info] Modeler class has been initialized! Elapsed time: 0m 0sec
        [info] Active Design set to 0;EAX02034601_stackup_bootstrap
        [info] Project EAX02034601_ref_IMG_PREVIEW set to active.
        [info] Active Design set to 0;EAX02034601_stackup_bootstrap
        [info] Aedt Objects correctly read
        [error] **************************************************************
        [error]   File "C:\Users\HP\Documents\PI-PDN_auto_sim_V1\SIwave_PDN_V1_setting_VRM\main.py", line 2813, in <module>
        [error]     aedt_image.export_edb_preview_images(
        [error]   File "C:\Users\HP\Documents\PI-PDN_auto_sim_V1\SIwave_PDN_V1_setting_VRM\EBU_lib\AEDT.py", line 623, in export_edb_preview_images
        [error]     export_ok = h3dl.export_design_preview_to_jpg(str(top_jpg))
        [error] 'projectpreview' on export_design_preview_to_jpg
        [error] Last Electronics Desktop Message - [error] 'projectpreview' on export_design_preview_to_jpg  
        [error] Method arguments: 
        [error]     output_file = C:\Users\HP\Documents\PI-PDN_auto_sim_V1\outputs\top.jpg 
        [error] **************************************************************
-- Message Window --
Stopping Batch Run: 3:35:50 PM  Aug 05, 2026
 
Ansys Electronics Desktop Version 2025.2.4, Build: 2025-11-06 17:01:32
Location: C:\Program Files\ANSYS Inc\v252\AnsysEM\ansysedt.exe
Non Graphical Mode: No Project??
Starting Batch Run: 4:05:58 PM  Aug 05, 2026
Running as user : LGE\ansun.hyun
Temp directory: C:\Users\HP\AppData\Local\Temp
Project directory: C:\Users\HP\Documents\Ansoft
[info] gRPC server started on port 56835 of local host. Only connections from the local host initiated by the same user are permitted.

Stopping Batch Run: 4:06:27 PM  Aug 05, 2026
 
Ansys Electronics Desktop Version 2025.2.4, Build: 2025-11-06 17:01:32
Location: C:\Program Files\ANSYS Inc\v252\AnsysEM\ansysedt.exe
Non Graphical Mode: No Project??
Starting Batch Run: 8:07:14 AM  Aug 06, 2026
Running as user : LGE\ansun.hyun
Temp directory: C:\Users\HP\AppData\Local\Temp
Project directory: C:\Users\HP\Documents\Ansoft
[info] gRPC server started on port 62213 of local host. Only connections from the local host initiated by the same user are permitted.

Stopping Batch Run: 8:07:43 AM  Aug 06, 2026
 
Ansys Electronics Desktop Version 2025.2.4, Build: 2025-11-06 17:01:32
Location: C:\Program Files\ANSYS Inc\v252\AnsysEM\ansysedt.exe
Non Graphical Mode: No Project??
Starting Batch Run: 8:27:12 AM  Aug 06, 2026
Running as user : LGE\ansun.hyun
Temp directory: C:\Users\HP\AppData\Local\Temp
Project directory: C:\Users\HP\Documents\Ansoft
[info] gRPC server started on port 54320 of local host. Only connections from the local host initiated by the same user are permitted.

Stopping Batch Run: 8:27:41 AM  Aug 06, 2026
 
Ansys Electronics Desktop Version 2025.2.4, Build: 2025-11-06 17:01:32
Location: C:\Program Files\ANSYS Inc\v252\AnsysEM\ansysedt.exe
Non Graphical Mode: No Project??
Starting Batch Run: 10:52:43 PM  Aug 06, 2026
Running as user : LGE\ansun.hyun
Temp directory: C:\Users\HP\AppData\Local\Temp
Project directory: C:\Users\HP\Documents\Ansoft
[info] gRPC server started on port 56445 of local host. Only connections from the local host initiated by the same user are permitted.

Stopping Batch Run: 10:53:11 PM  Aug 06, 2026
 
Ansys Electronics Desktop Version 2025.2.4, Build: 2025-11-06 17:01:32
Location: C:\Program Files\ANSYS Inc\v252\AnsysEM\ansysedt.exe
Non Graphical Mode: No Project??
Starting Batch Run: 11:06:35 PM  Aug 06, 2026
Running as user : LGE\ansun.hyun
Temp directory: C:\Users\HP\AppData\Local\Temp
Project directory: C:\Users\HP\Documents\Ansoft
[info] gRPC server started on port 63852 of local host. Only connections from the local host initiated by the same user are permitted.

[warning] Project:EAX02034601_full_presolve, C:/Users/HP/Documents/PI-PDN_auto_sim_V1/outputs/EAX02034601_full_presolve.aedb/ already exists. It is backed up to C:/Users/HP/Documents/PI-PDN_auto_sim_V1/outputs/EAX02034601_full_presolve.aedb.bak/. (11:06:52 PM  Aug 06, 2026)
Stopping Batch Run: 11:07:03 PM  Aug 06, 2026
 
Ansys Electronics Desktop Version 2025.2.4, Build: 2025-11-06 17:01:32
Location: C:\Program Files\ANSYS Inc\v252\AnsysEM\ansysedt.exe
Non Graphical Mode: No Project??
Starting Batch Run: 9:31:21 AM  Aug 07, 2026
Running as user : LGE\ansun.hyun
Temp directory: C:\Users\HP\AppData\Local\Temp
Project directory: C:\Users\HP\Documents\Ansoft
[info] gRPC server started on port 55369 of local host. Only connections from the local host initiated by the same user are permitted.

Stopping Batch Run: 9:31:49 AM  Aug 07, 2026
 
Ansys Electronics Desktop Version 2025.2.4, Build: 2025-11-06 17:01:32
Location: C:\Program Files\ANSYS Inc\v252\AnsysEM\ansysedt.exe
Non Graphical Mode: No Project??
Starting Batch Run: 10:19:29 AM  Aug 07, 2026
Running as user : LGE\ansun.hyun
Temp directory: C:\Users\HP\AppData\Local\Temp
Project directory: C:\Users\HP\Documents\Ansoft
[info] gRPC server started on port 54622 of local host. Only connections from the local host initiated by the same user are permitted.

Stopping Batch Run: 10:20:00 AM  Aug 07, 2026
 
Ansys Electronics Desktop Version 2025.2.4, Build: 2025-11-06 17:01:32
Location: C:\Program Files\ANSYS Inc\v252\AnsysEM\ansysedt.exe
Non Graphical Mode: No Project??
Starting Batch Run: 11:21:52 AM  Aug 07, 2026
Running as user : LGE\ansun.hyun
Temp directory: C:\Users\HP\AppData\Local\Temp
Project directory: C:\Users\HP\Documents\Ansoft
[info] gRPC server started on port 58361 of local host. Only connections from the local host initiated by the same user are permitted.

Stopping Batch Run: 11:22:21 AM  Aug 07, 2026
 
Ansys Electronics Desktop Version 2025.2.4, Build: 2025-11-06 17:01:32
Location: C:\Program Files\ANSYS Inc\v252\AnsysEM\ansysedt.exe
Non Graphical Mode: No Project??
Starting Batch Run: 12:00:13 PM  Aug 07, 2026
Running as user : LGE\ansun.hyun
Temp directory: C:\Users\HP\AppData\Local\Temp
Project directory: C:\Users\HP\Documents\Ansoft
[info] gRPC server started on port 51996 of local host. Only connections from the local host initiated by the same user are permitted.

[warning] Project:EAX02034601_full_presolve, C:/Users/HP/Documents/PI-PDN_auto_sim_V1/outputs/EAX02034601_full_presolve.aedb/ already exists. It is backed up to C:/Users/HP/Documents/PI-PDN_auto_sim_V1/outputs/EAX02034601_full_presolve.aedb.bak/. (12:00:31 PM  Aug 07, 2026)
Stopping Batch Run: 12:00:42 PM  Aug 07, 2026
 
Ansys Electronics Desktop Version 2025.2.4, Build: 2025-11-06 17:01:32
Location: C:\Program Files\ANSYS Inc\v252\AnsysEM\ansysedt.exe
Non Graphical Mode: No Project??
Starting Batch Run: 12:11:48 PM  Aug 07, 2026
Running as user : LGE\ansun.hyun
Temp directory: C:\Users\HP\AppData\Local\Temp
Project directory: C:\Users\HP\Documents\Ansoft
[info] gRPC server started on port 52030 of local host. Only connections from the local host initiated by the same user are permitted.

[warning] Project:EAX02034601_full_presolve, C:/Users/HP/Documents/PI-PDN_auto_sim_V1/outputs/EAX02034601_full_presolve.aedb/ already exists. It is backed up to C:/Users/HP/Documents/PI-PDN_auto_sim_V1/outputs/EAX02034601_full_presolve.aedb.bak_1. (12:12:07 PM  Aug 07, 2026)
Stopping Batch Run: 12:12:18 PM  Aug 07, 2026
 
Ansys Electronics Desktop Version 2025.2.4, Build: 2025-11-06 17:01:32
Location: C:\Program Files\ANSYS Inc\v252\AnsysEM\ansysedt.exe
Non Graphical Mode: No Project??
Starting Batch Run: 10:17:11 AM  Aug 12, 2026
Running as user : LGE\ansun.hyun
Temp directory: C:\Users\HP\AppData\Local\Temp
Project directory: C:\Users\HP\Documents\Ansoft
[info] gRPC server started on port 56760 of local host. Only connections from the local host initiated by the same user are permitted.

[warning] Project:EAX02034601_full_presolve, C:/Users/HP/Documents/PI-PDN_auto_sim_V1/outputs/EAX02034601_full_presolve.aedb/ already exists. It is backed up to C:/Users/HP/Documents/PI-PDN_auto_sim_V1/outputs/EAX02034601_full_presolve.aedb.bak_1. (10:17:30 AM  Aug 12, 2026)
Stopping Batch Run: 10:17:41 AM  Aug 12, 2026
 
Ansys Electronics Desktop Version 2025.2.4, Build: 2025-11-06 17:01:32
Location: C:\Program Files\ANSYS Inc\v252\AnsysEM\ansysedt.exe
Non Graphical Mode: No Project??
Starting Batch Run: 3:35:01 PM  Aug 12, 2026
Running as user : LGE\ansun.hyun
Temp directory: C:\Users\HP\AppData\Local\Temp
Project directory: C:\Users\HP\Documents\Ansoft
[info] gRPC server started on port 54032 of local host. Only connections from the local host initiated by the same user are permitted.

[warning] Project:EAX02034601_full_presolve, C:/Users/HP/Documents/PI-PDN_auto_sim_V1/outputs/EAX02034601_full_presolve.aedb/ already exists. It is backed up to C:/Users/HP/Documents/PI-PDN_auto_sim_V1/outputs/EAX02034601_full_presolve.aedb.bak_1. (03:35:18 PM  Aug 12, 2026)
Stopping Batch Run: 3:35:29 PM  Aug 12, 2026
 
Ansys Electronics Desktop Version 2025.2.4, Build: 2025-11-06 17:01:32
Location: C:\Program Files\ANSYS Inc\v252\AnsysEM\ansysedt.exe
Non Graphical Mode: No Project??
Starting Batch Run: 4:43:10 PM  Aug 12, 2026
Running as user : LGE\ansun.hyun
Temp directory: C:\Users\HP\AppData\Local\Temp
Project directory: C:\Users\HP\Documents\Ansoft
[info] gRPC server started on port 57994 of local host. Only connections from the local host initiated by the same user are permitted.

[warning] Project:EAX02034601_full_presolve, C:/Users/HP/Documents/PI-PDN_auto_sim_V1/outputs/EAX02034601_full_presolve.aedb/ already exists. It is backed up to C:/Users/HP/Documents/PI-PDN_auto_sim_V1/outputs/EAX02034601_full_presolve.aedb.bak_1. (04:43:27 PM  Aug 12, 2026)
Stopping Batch Run: 4:43:38 PM  Aug 12, 2026
 
Ansys Electronics Desktop Version 2025.2.4, Build: 2025-11-06 17:01:32
Location: C:\Program Files\ANSYS Inc\v252\AnsysEM\ansysedt.exe
Non Graphical Mode: No Project??
Starting Batch Run: 10:27:24 AM  Aug 14, 2026
Running as user : LGE\ansun.hyun
Temp directory: C:\Users\HP\AppData\Local\Temp
Project directory: C:\Users\HP\Documents\Ansoft
[info] gRPC server started on port 58133 of local host. Only connections from the local host initiated by the same user are permitted.

[warning] Project:EAX02034601_full_presolve, C:/Users/HP/Documents/PI-PDN_auto_sim_V1/outputs/EAX02034601_full_presolve.aedb/ already exists. It is backed up to C:/Users/HP/Documents/PI-PDN_auto_sim_V1/outputs/EAX02034601_full_presolve.aedb.bak_1. (10:27:43 AM  Aug 14, 2026)
Stopping Batch Run: 10:27:54 AM  Aug 14, 2026
 
Ansys Electronics Desktop Version 2025.2.4, Build: 2025-11-06 17:01:32
Location: C:\Program Files\ANSYS Inc\v252\AnsysEM\ansysedt.exe
Non Graphical Mode: No Project??
Starting Batch Run: 10:47:12 AM  Aug 14, 2026
Running as user : LGE\ansun.hyun
Temp directory: C:\Users\HP\AppData\Local\Temp
Project directory: C:\Users\HP\Documents\Ansoft
[info] gRPC server started on port 58675 of local host. Only connections from the local host initiated by the same user are permitted.

[warning] Project:EAX02034601_full_presolve, C:/Users/HP/Documents/PI-PDN_auto_sim_V1/outputs/EAX02034601_full_presolve.aedb/ already exists. It is backed up to C:/Users/HP/Documents/PI-PDN_auto_sim_V1/outputs/EAX02034601_full_presolve.aedb.bak_1. (10:47:32 AM  Aug 14, 2026)
Stopping Batch Run: 10:47:43 AM  Aug 14, 2026
 
Ansys Electronics Desktop Version 2025.2.4, Build: 2025-11-06 17:01:32
Location: C:\Program Files\ANSYS Inc\v252\AnsysEM\ansysedt.exe
Non Graphical Mode: No Project??
Starting Batch Run: 11:22:35 AM  Aug 14, 2026
Running as user : LGE\ansun.hyun
Temp directory: C:\Users\HP\AppData\Local\Temp
Project directory: C:\Users\HP\Documents\Ansoft
[info] gRPC server started on port 58285 of local host. Only connections from the local host initiated by the same user are permitted.

[warning] Project:EAX02034601_full_presolve, C:/Users/HP/Documents/PI-PDN_auto_sim_V1/outputs/EAX02034601_full_presolve.aedb/ already exists. It is backed up to C:/Users/HP/Documents/PI-PDN_auto_sim_V1/outputs/EAX02034601_full_presolve.aedb.bak_1. (11:22:52 AM  Aug 14, 2026)
Stopping Batch Run: 11:23:03 AM  Aug 14, 2026
 
Ansys Electronics Desktop Version 2025.2.4, Build: 2025-11-06 17:01:32
Location: C:\Program Files\ANSYS Inc\v252\AnsysEM\ansysedt.exe
Non Graphical Mode: No Project??
Starting Batch Run: 12:47:56 PM  Aug 14, 2026
Running as user : LGE\ansun.hyun
Temp directory: C:\Users\HP\AppData\Local\Temp
Project directory: C:\Users\HP\Documents\Ansoft
[info] gRPC server started on port 49899 of local host. Only connections from the local host initiated by the same user are permitted.

[warning] Project:EAX02034601_full_presolve, C:/Users/HP/Documents/PI-PDN_auto_sim_V1/outputs/EAX02034601_full_presolve.aedb/ already exists. It is backed up to C:/Users/HP/Documents/PI-PDN_auto_sim_V1/outputs/EAX02034601_full_presolve.aedb.bak_1. (12:48:15 PM  Aug 14, 2026)
Stopping Batch Run: 12:48:25 PM  Aug 14, 2026
 
Ansys Electronics Desktop Version 2025.2.4, Build: 2025-11-06 17:01:32
Location: C:\Program Files\ANSYS Inc\v252\AnsysEM\ansysedt.exe
Non Graphical Mode: No Project??
Starting Batch Run: 1:23:30 PM  Aug 14, 2026
Running as user : LGE\ansun.hyun
Temp directory: C:\Users\HP\AppData\Local\Temp
Project directory: C:\Users\HP\Documents\Ansoft
[info] gRPC server started on port 57479 of local host. Only connections from the local host initiated by the same user are permitted.

[warning] Project:EAX02034601_full_presolve, C:/Users/HP/Documents/PI-PDN_auto_sim_V1/outputs/EAX02034601_full_presolve.aedb/ already exists. It is backed up to C:/Users/HP/Documents/PI-PDN_auto_sim_V1/outputs/EAX02034601_full_presolve.aedb.bak_1. (01:23:49 PM  Aug 14, 2026)
Stopping Batch Run: 1:24:00 PM  Aug 14, 2026
 
Ansys Electronics Desktop Version 2025.2.4, Build: 2025-11-06 17:01:32
Location: C:\Program Files\ANSYS Inc\v252\AnsysEM\ansysedt.exe
Non Graphical Mode: No Project??
Starting Batch Run: 1:33:34 PM  Aug 14, 2026
Running as user : LGE\ansun.hyun
Temp directory: C:\Users\HP\AppData\Local\Temp
Project directory: C:\Users\HP\Documents\Ansoft
[info] gRPC server started on port 64793 of local host. Only connections from the local host initiated by the same user are permitted.

[warning] Project:EAX02034601_full_presolve, C:/Users/HP/Documents/PI-PDN_auto_sim_V1/outputs/EAX02034601_full_presolve.aedb/ already exists. It is backed up to C:/Users/HP/Documents/PI-PDN_auto_sim_V1/outputs/EAX02034601_full_presolve.aedb.bak_1. (01:33:54 PM  Aug 14, 2026)
Stopping Batch Run: 1:34:04 PM  Aug 14, 2026
 
Ansys Electronics Desktop Version 2025.2.4, Build: 2025-11-06 17:01:32
Location: C:\Program Files\ANSYS Inc\v252\AnsysEM\ansysedt.exe
Non Graphical Mode: No Project??
Starting Batch Run: 2:56:23 PM  Aug 14, 2026
Running as user : LGE\ansun.hyun
Temp directory: C:\Users\HP\AppData\Local\Temp
Project directory: C:\Users\HP\Documents\Ansoft
[info] gRPC server started on port 55296 of local host. Only connections from the local host initiated by the same user are permitted.

[warning] Project:EAX02034601_full_presolve, C:/Users/HP/Documents/PI-PDN_auto_sim_V1/outputs/EAX02034601_full_presolve.aedb/ already exists. It is backed up to C:/Users/HP/Documents/PI-PDN_auto_sim_V1/outputs/EAX02034601_full_presolve.aedb.bak_1. (02:56:41 PM  Aug 14, 2026)
Stopping Batch Run: 2:56:51 PM  Aug 14, 2026
 
Ansys Electronics Desktop Version 2025.2.4, Build: 2025-11-06 17:01:32
Location: C:\Program Files\ANSYS Inc\v252\AnsysEM\ansysedt.exe
Non Graphical Mode: No Project??
Starting Batch Run: 10:14:54 AM  Aug 21, 2026
Running as user : LGE\ansun.hyun
Temp directory: C:\Users\HP\AppData\Local\Temp
Project directory: C:\Users\HP\Documents\Ansoft
[info] gRPC server started on port 50070 of local host. Only connections from the local host initiated by the same user are permitted.

[warning] Project:EAX02034601_full_presolve, C:/Users/HP/Documents/PI-PDN_auto_sim_V1/outputs/EAX02034601_full_presolve.aedb/ already exists. It is backed up to C:/Users/HP/Documents/PI-PDN_auto_sim_V1/outputs/EAX02034601_full_presolve.aedb.bak_1. (10:15:13 AM  Aug 21, 2026)
Stopping Batch Run: 10:15:23 AM  Aug 21, 2026
 
Ansys Electronics Desktop Version 2025.2.4, Build: 2025-11-06 17:01:32
Location: C:\Program Files\ANSYS Inc\v252\AnsysEM\ansysedt.exe
Non Graphical Mode: No Project??
Starting Batch Run: 4:35:32 PM  Aug 21, 2026
Running as user : LGE\ansun.hyun
Temp directory: C:\Users\HP\AppData\Local\Temp
Project directory: C:\Users\HP\Documents\Ansoft
[info] gRPC server started on port 58087 of local host. Only connections from the local host initiated by the same user are permitted.

Stopping Batch Run: 4:36:01 PM  Aug 21, 2026
